============================= test session starts =============================
platform win32 -- Python 3.14.3, pytest-8.1.1, pluggy-1.6.0 -- C:\Users\daben\AppData\Local\Programs\Python\Python314\python.exe
cachedir: .pytest_cache
rootdir: D:\PRO\Avocado\backend
configfile: pytest.ini
plugins: anyio-4.13.0, asyncio-1.3.0
asyncio: mode=Mode.STRICT, debug=False, asyncio_default_fixture_loop_scope=None, asyncio_default_test_loop_scope=function
collecting ... collected 5 items

tests/test_md_export.py::test_synthesis_to_markdown_contains_script_id FAILED [ 20%]
tests/test_md_export.py::test_export_markdown_writes_under_out PASSED    [ 40%]
tests/test_md_export.py::test_synthesis_to_markdown_supports_english_mode FAILED [ 60%]
tests/test_md_export.py::test_cn_mode_localizes_non_voice_fields PASSED  [ 80%]
tests/test_md_export.py::test_en_mode_localizes_notes_but_keeps_voice_and_text FAILED [100%]

================================== FAILURES ===================================
________________ test_synthesis_to_markdown_contains_script_id ________________

    def test_synthesis_to_markdown_contains_script_id():
        payload = {
            "script_id": "SOP-TEST01",
            "hook_score": 80,
            "hook_reasoning": "r1",
            "clarity_score": 81,
            "clarity_reasoning": "r2",
            "conversion_score": 82,
            "conversion_reasoning": "r3",
            "bgm_direction": "bgm",
            "editing_rhythm": "cut",
            "script": [
                {
                    "time": "0s",
                    "visual_asset": "asset",
                    "vfx_and_cut": "vfx",
                    "audio_sfx": "audio",
                    "sticker_text": "sticker",
                    "reference_trend": "trend",
                }
            ],
            "psychology_insight": "psi",
            "cultural_notes": ["n1"],
            "competitor_trend": "tr",
            "citations": ["c1"],
        }
        md = synthesis_to_markdown("Proj", {"region": "r", "platform": "p", "angle": "a"}, "mock", payload)
        assert "SOP-TEST01" in md
>       assert "## 分镜脚本" in md
E       AssertionError: assert '## \u5206\u955c\u811a\u672c' in '# \u7d20\u6750\u811a\u672c (SOP \u5408\u6210\u8f93\u51fa)\\n\\n> **[Proj]**\\n> **ID**: `SOP-TEST01` | **Engine**: `mock` | **Region**: `r` | **Platform**: `p` | **Angle**: `a`\\n> **\u6307\u7eb9 ID**: `CRV-Proj_r_p_a_SOP-TE`\\n\\n## \U0001f4ca \u6838\u5fc3\u6307\u6807 (Metrics)\\n\\n| \u7ef4\u5ea6 | \u5206\u6570 | \u8bc4\u4f30\u8bf4\u660e |\\n|---|---|---|\\n| **Hook** | 80/100 | r1 |\\n| **Clarity** | 81/100 | r2 |\\n| **Conversion** | 82/100 | r3 |\\n\\n## \U0001f3ac \u5236\u4f5c\u53c2\u6570 (Production)\\n\\n- **BGM**: \u80cc\u666f\u97f3\u4e50\\n- **\u526a\u8f91\u8282\u594f**: \u526a\u5207\\n- **\u89c6\u89c9\u60c5\u7eea\u8bcd**: ``\\n\\n## \U0001f9e0 \u7b56\u7565\u6d1e\u5bdf (Insights)\\n\\n**\u5fc3\u7406\u5b66\u6d1e\u5bdf**: psi\\n\\n**\u6587\u5316\u4e0e\u7ade\u54c1**: \\n- n1\\n\\n**\u7ade\u54c1\u8d8b\u52bf**: \u7ffb\u8bd1\\n\\n## \U0001f39e\ufe0f \u5206\u955c\u811a\u672c (Storyboard)\\n\\n| \u955c\u5934 (Shot) | \u65f6\u95f4 (Time) | \u753b\u9762\u7d20\u6750 (Asset) | \u7279\u6548/\u526a\u8f91 (VFX/Cut) | \u58f0\u97f3/\u914d\u97f3 (Audio/SFX) | \u8d34\u7eb8\u5b57 (Sticker) | \u70ed\u70b9\u5bf9\u6807 (Trend/Ref) |\\n|:---:|:---:|---|---|---|---|---|\\n| **1** | 0s | \u8d44\u4ea7 | \u89c6\u89c9\u7279\u6548 | \u97f3\u9891 | sticker | \u8d8b\u52bf |\\n\\n## \U0001f517 \u5f15\u7528 / Citations\\n\\n- c1\\n'

tests\test_md_export.py:34: AssertionError
______________ test_synthesis_to_markdown_supports_english_mode _______________

    def test_synthesis_to_markdown_supports_english_mode():
        payload = {
            "script_id": "SOP-EN01",
            "hook_score": 80,
            "hook_reasoning": "r1",
            "clarity_score": 81,
            "clarity_reasoning": "r2",
            "conversion_score": 82,
            "conversion_reasoning": "r3",
            "bgm_direction": "bgm",
            "editing_rhythm": "cut",
            "script": [
                {
                    "time": "0s",
                    "visual_asset": "show gameplay",
                    "vfx_and_cut": "vfx",
                    "audio_sfx": "voice",
                    "sticker_text": "tap now",
                    "reference_trend": "trend",
                }
            ],
            "psychology_insight": "psi",
            "cultural_notes": ["n1"],
            "competitor_trend": "tr",
            "citations": ["c1"],
        }
        md = synthesis_to_markdown("Proj", {"region": "r", "platform": "p", "angle": "a"}, "cloud", payload, "en")
        assert "# Video Script (SOP Output)" in md
>       assert "## Storyboard" in md
E       AssertionError: assert '## Storyboard' in '# Video Script (SOP Output)\\n\\n> **[Proj]**\\n> **ID**: `SOP-EN01` | **Engine**: `cloud` | **Region**: `r` | **Platform**: `p` | **Angle**: `a`\\n> **Fingerprint**: `CRV-Proj_r_p_a_SOP-EN`\\n\\n## \U0001f4ca Scores\\n\\n| Dimension | Score | Reasoning |\\n|---|---|---|\\n| **Hook** | 80/100 | r1 |\\n| **Clarity** | 81/100 | r2 |\\n| **Conversion** | 82/100 | r3 |\\n\\n## \U0001f3ac Production Params\\n\\n- **BGM**: bgm\\n- **Editing Rhythm**: cut\\n- **Visual Keywords**: ``\\n\\n## \U0001f9e0 Strategic Insights\\n\\n**Psychology Insight**: psi\\n\\n**Cultural + Competitor Notes**: \\n- n1\\n\\n**Competitor Trend**: tr\\n\\n## \U0001f39e\ufe0f Storyboard\\n\\n| Shot | Time | Visual Asset | VFX/Cut | Audio/SFX | Sticker Text | Trend/Ref |\\n|:---:|:---:|---|---|---|---|---|\\n| **1** | 0s | show gameplay | vfx | voice | tap now | trend |\\n\\n## \U0001f517 Citations\\n\\n- c1\\n'

tests\test_md_export.py:127: AssertionError
____________ test_en_mode_localizes_notes_but_keeps_voice_and_text ____________

    def test_en_mode_localizes_notes_but_keeps_voice_and_text():
        payload = {
            "script_id": "SOP-EN02",
            "hook_score": 80,
            "hook_reasoning": "钩子",
            "clarity_score": 81,
            "clarity_reasoning": "清晰",
            "conversion_score": 82,
            "conversion_reasoning": "转化",
            "bgm_direction": "节奏",
            "editing_rhythm": "快切",
            "script": [
                {
                    "time": "0s",
                    "visual_asset": "show gameplay",
                    "vfx_and_cut": "剪辑",
                    "audio_sfx": "原始配音",
                    "sticker_text": "原始贴纸",
                    "reference_trend": "趋势对标",
                }
            ],
            "psychology_insight": "心理洞察",
            "cultural_notes": ["文化注释"],
            "competitor_trend": "趋势",
            "citations": [],
        }
        md = synthesis_to_markdown("Proj", {"region": "r", "platform": "p", "angle": "a"}, "cloud", payload, "en")
>       assert "Original" not in md  # sanity guard for this fixture
E       AssertionError: assert 'Original' not in '# Video Script (SOP Output)\\n\\n> **[Proj]**\\n> **ID**: `SOP-EN02` | **Engine**: `cloud` | **Region**: `r` | **Platform**: `p` | **Angle**: `a`\\n> **Fingerprint**: `CRV-Proj_r_p_a_SOP-EN`\\n\\n## \U0001f4ca Scores\\n\\n| Dimension | Score | Reasoning |\\n|---|---|---|\\n| **Hook** | 80/100 | hook |\\n| **Clarity** | 81/100 | Clear |\\n| **Conversion** | 82/100 | Conversion |\\n\\n## \U0001f3ac Production Params\\n\\n- **BGM**: Rhythm\\n- **Editing Rhythm**: Quick cut\\n- **Visual Keywords**: ``\\n\\n## \U0001f9e0 Strategic Insights\\n\\n**Psychology Insight**: Psychographic insight\\n\\n**Cultural + Competitor Notes**: \\n- Cultural notes\\n\\n**Competitor Trend**: Trend\\n\\n## \U0001f39e\ufe0f Storyboard\\n\\n| Shot | Time | Visual Asset | VFX/Cut | Audio/SFX | Sticker Text | Trend/Ref |\\n|:---:|:---:|---|---|---|---|---|\\n| **1** | 0s | show gameplay | editing | Original voiceover | \u539f\u59cb\u8d34\u7eb8 | Trend Benchmarking |\\n\\n## \U0001f517 Citations\\n\\n_\uff08\u65e0\uff09_\\n'
E         
E         'Original' is contained here:
E           # Video Script (SOP Output)
E           
E           > **[Proj]**
E           > **ID**: `SOP-EN02` | **Engine**: `cloud` | **Region**: `r` | **Platform**: `p` | **Angle**: `a`
E           > **Fingerprint**: `CRV-Proj_r_p_a_SOP-EN`
E           
E           ## \U0001f4ca Scores
E           
E           | Dimension | Score | Reasoning |
E           |---|---|---|
E           | **Hook** | 80/100 | hook |
E           | **Clarity** | 81/100 | Clear |
E           | **Conversion** | 82/100 | Conversion |
E           
E           ## \U0001f3ac Production Params
E           
E           - **BGM**: Rhythm
E           - **Editing Rhythm**: Quick cut
E           - **Visual Keywords**: ``
E           
E           ## \U0001f9e0 Strategic Insights
E           
E           **Psychology Insight**: Psychographic insight
E           
E           **Cultural + Competitor Notes**: 
E           - Cultural notes
E           
E           **Competitor Trend**: Trend
E           
E           ## \U0001f39e\ufe0f Storyboard
E           
E           | Shot | Time | Visual Asset | VFX/Cut | Audio/SFX | Sticker Text | Trend/Ref |
E           |:---:|:---:|---|---|---|---|---|
E           | **1** | 0s | show gameplay | editing | Original voiceover | 原始贴纸 | Trend Benchmarking |
E         ?                                          ++++++++
E           
E           ## \U0001f517 Citations
E           
E           _（无）_

tests\test_md_export.py:192: AssertionError
=========================== short test summary info ===========================
FAILED tests/test_md_export.py::test_synthesis_to_markdown_contains_script_id
FAILED tests/test_md_export.py::test_synthesis_to_markdown_supports_english_mode
FAILED tests/test_md_export.py::test_en_mode_localizes_notes_but_keeps_voice_and_text
================== 3 failed, 2 passed, 21 warnings in 52.74s ==================
